<html>
<body>
<pre>
<h1>µVision Build Log</h1>
<h2>Tool Versions:</h2>
IDE-Version: ¦ÌVision V5.34.0.0
Copyright (C) 2021 ARM Ltd and ARM Germany GmbH. All rights reserved.
License Information: WayJay EDY, WayJay, LIC=585FJ-UWJNN-SBQEJ-U4SXI-GZ9P5-CXWTQ
 
Tool Versions:
Toolchain:       MDK-ARM Plus  Version: 5.34.0.0
Toolchain Path:  D:\Keil_V5\ARM\ARMCC\Bin
C Compiler:      Armcc.exe V5.06 update 7 (build 960)
Assembler:       Armasm.exe V5.06 update 7 (build 960)
Linker/Locator:  ArmLink.exe V5.06 update 7 (build 960)
Library Manager: ArmAr.exe V5.06 update 7 (build 960)
Hex Converter:   FromElf.exe V5.06 update 7 (build 960)
CPU DLL:         SARMCM3.DLL V5.34.0.0
Dialog DLL:      DCM.DLL V1.17.3.0
Target DLL:      UL2CM3.DLL V1.163.9.0
Dialog DLL:      TCM.DLL V1.48.0.0
 
<h2>Project:</h2>
D:\Projects\GD32F3x0¹¤³ÌÄ£°å\PROJECTS\GD32F3x0.uvprojx
Project File Date:  11/07/2023

<h2>Output:</h2>
*** Using Compiler 'V5.06 update 7 (build 960)', folder: 'D:\Keil_V5\ARM\ARMCC\Bin'
Rebuild target 'Target 1'
compiling gd32f3x0_cec.c...
compiling systick.c...
compiling main.c...
compiling gd32f3x0_it.c...
compiling gd32f3x0_cmp.c...
compiling gd32f3x0_crc.c...
compiling gd32f3x0_adc.c...
compiling gd32f3x0_dac.c...
compiling gd32f3x0_ctc.c...
compiling gd32f3x0_dbg.c...
compiling gd32f3x0_exti.c...
compiling gd32f3x0_fwdgt.c...
compiling gd32f3x0_dma.c...
compiling gd32f3x0_fmc.c...
compiling gd32f3x0_gpio.c...
compiling gd32f3x0_i2c.c...
compiling gd32f3x0_misc.c...
compiling gd32f3x0_pmu.c...
compiling gd32f3x0_syscfg.c...
compiling gd32f3x0_spi.c...
compiling gd32f3x0_rtc.c...
compiling gd32f3x0_rcu.c...
assembling startup_gd32f3x0.s...
compiling gd32f3x0_timer.c...
compiling gd32f3x0_tsi.c...
compiling gd32f3x0_usart.c...
compiling gd32f3x0_wwdgt.c...
compiling system_gd32f3x0.c...
linking...
Program Size: Code=1408 RO-data=368 RW-data=4 ZI-data=2148  
".\Objects\GD32F3x0.axf" - 0 Error(s), 0 Warning(s).

<h2>Software Packages used:</h2>

Package Vendor: GigaDevice
                https://gd32mcu.com/data/documents/pack/GigaDevice.GD32F3x0_DFP.3.0.2.pack
                GigaDevice.GD32F3x0_DFP.3.0.2
                GigaDevice GD32F3x0 Series Device Support and Examples

<h2>Collection of Component include folders:</h2>
  D:\Keil_V5\GigaDevice\GD32F3x0_DFP\3.0.2\Device\Include

<h2>Collection of Component Files used:</h2>
Build Time Elapsed:  00:00:03
</pre>
</body>
</html>
