<html>
<body>
<pre>
<h1>µVision Build Log</h1>
<h2>Tool Versions:</h2>
IDE-Version: ¦ÌVision V5.34.0.0
Copyright (C) 2021 ARM Ltd and ARM Germany GmbH. All rights reserved.
License Information: WayJay EDY, WayJay, LIC=585FJ-UWJNN-SBQEJ-U4SXI-GZ9P5-CXWTQ
 
Tool Versions:
Toolchain:       MDK-ARM Plus  Version: 5.34.0.0
Toolchain Path:  D:\Keil_V5\ARM\ARMCC\Bin
C Compiler:      Armcc.exe V5.06 update 7 (build 960)
Assembler:       Armasm.exe V5.06 update 7 (build 960)
Linker/Locator:  ArmLink.exe V5.06 update 7 (build 960)
Library Manager: ArmAr.exe V5.06 update 7 (build 960)
Hex Converter:   FromElf.exe V5.06 update 7 (build 960)
CPU DLL:         SARMCM3.DLL V5.34.0.0
Dialog DLL:      DCM.DLL V1.17.3.0
Target DLL:      UL2CM3.DLL V1.163.9.0
Dialog DLL:      TCM.DLL V1.48.0.0
 
<h2>Project:</h2>
D:\Projects\N32G430¹¤³ÌÄ£°å\PROJECTS\N32G430.uvprojx
Project File Date:  11/07/2023

<h2>Output:</h2>
*** Using Compiler 'V5.06 update 7 (build 960)', folder: 'D:\Keil_V5\ARM\ARMCC\Bin'
Rebuild target 'Target 1'
compiling n32g430_beeper.c...
compiling main.c...
compiling n32g430_it.c...
compiling misc.c...
compiling n32g430_comp.c...
compiling n32g430_adc.c...
compiling n32g430_can.c...
compiling n32g430_crc.c...
compiling n32g430_dbg.c...
compiling n32g430_exti.c...
compiling n32g430_dma.c...
compiling n32g430_flash.c...
compiling n32g430_i2c.c...
compiling n32g430_gpio.c...
compiling n32g430_pwr.c...
compiling n32g430_iwdg.c...
compiling n32g430_lptim.c...
compiling n32g430_spi.c...
compiling n32g430_rcc.c...
compiling n32g430_rtc.c...
assembling startup_n32g430.s...
compiling n32g430_tim.c...
compiling n32g430_wwdg.c...
compiling system_n32g430.c...
compiling n32g430_usart.c...
linking...
Program Size: Code=820 RO-data=308 RW-data=4 ZI-data=6244  
".\Objects\N32G430.axf" - 0 Error(s), 0 Warning(s).

<h2>Software Packages used:</h2>

Package Vendor: Nationstech
                http://www.keil.com/pack/Nationstech.N32G430_DFP.1.0.0.pack
                Nationstech.N32G430_DFP.1.0.0
                Nationstech N32G430 Series Device Support, Drivers and Examples

<h2>Collection of Component include folders:</h2>
  D:\Keil_V5\Nationstech\N32G430_DFP\1.0.0\firmware\CMSIS\device

<h2>Collection of Component Files used:</h2>
Build Time Elapsed:  00:00:06
</pre>
</body>
</html>
